.\gradlew.bat : WARNING: A restricted 
method in java.lang.System has been 
called
At line:1 char:1
+ .\gradlew.bat :app:compileDebugKotlin 
2>&1 | Out-File -FilePath build ...
+ ~~~~~~~~~~~~~~~~~~~~~~~~~~~~~~~~~~~~~~
~~~~
    + CategoryInfo          : NotSpecif 
   ied: (WARNING: A rest...has been ca  
  lled:String) [], RemoteException
    + FullyQualifiedErrorId : NativeCom 
   mandError
 
WARNING: java.lang.System::load has 
been called by net.rubygrapefruit.platfo
rm.internal.NativeLibraryLoader in an 
unnamed module (file:/C:/Users/shrut/.gr
adle/wrapper/dists/gradle-9.1.0-bin/9agq
ghryom9wkf8r80qlhnts3/gradle-9.1.0/lib/n
ative-platform-0.22-milestone-28.jar)
WARNING: Use 
--enable-native-access=ALL-UNNAMED to 
avoid a warning for callers in this 
module
WARNING: Restricted methods will be 
blocked in a future release unless 
native access is enabled


> Configure project :app
WARNING: The option setting 'android.usesSdkInManifest.disallowed=false' is deprecated.
The current default is 'true'.
It will be removed in version 10.0 of the Android Gradle plugin.
WARNING: The option setting 'android.sdk.defaultTargetSdkToCompileSdkIfUnset=false' is deprecated.
The current default is 'true'.
It will be removed in version 10.0 of the Android Gradle plugin.
WARNING: The option setting 'android.enableAppCompileTimeRClass=false' is deprecated.
The current default is 'true'.
It will be removed in version 10.0 of the Android Gradle plugin.
WARNING: The option setting 'android.builtInKotlin=false' is deprecated.
The current default is 'true'.
It will be removed in version 10.0 of the Android Gradle plugin.
WARNING: The option setting 'android.newDsl=false' is deprecated.
The current default is 'true'.
It will be removed in version 10.0 of the Android Gradle plugin.
WARNING: The option setting 'android.r8.optimizedResourceShrinking=false' is deprecated.
The current default is 'true'.
It will be removed in version 10.0 of the Android Gradle plugin.
WARNING: The option setting 'android.defaults.buildfeatures.resvalues=true' is deprecated.
The current default is 'false'.
It will be removed in version 10.0 of the Android Gradle plugin.
WARNING: The property android.dependency.excludeLibraryComponentsFromConstraints improves project import performance for very large projects. It should be enabled to improve performance.
To suppress this warning, add android.generateSyncIssueWhenLibraryConstraintsAreEnabled=false to gradle.properties
WARNING: The property android.dependency.excludeLibraryComponentsFromConstraints improves project import performance for very large projects. It should be enabled to improve performance.
To suppress this warning, add android.generateSyncIssueWhenLibraryConstraintsAreEnabled=false to gradle.properties
WARNING: The property android.dependency.excludeLibraryComponentsFromConstraints improves project import performance for very large projects. It should be enabled to improve performance.
To suppress this warning, add android.generateSyncIssueWhenLibraryConstraintsAreEnabled=false to gradle.properties
WARNING: The property android.dependency.excludeLibraryComponentsFromConstraints improves project import performance for very large projects. It should be enabled to improve performance.
To suppress this warning, add android.generateSyncIssueWhenLibraryConstraintsAreEnabled=false to gradle.properties
WARNING: The specified Android SDK Build Tools version (35.0.0) is ignored, as it is below the minimum supported version (36.0.0) for Android Gradle Plugin 9.0.0.
Android SDK Build Tools 36.0.0 will be used.
To suppress this warning, remove "buildToolsVersion '35.0.0'" from your build.gradle file, as each version of the Android Gradle Plugin now has a default version of the build tools.

> Task :app:checkKotlinGradlePluginConfigurationErrors SKIPPED
> Task :app:preBuild UP-TO-DATE
> Task :app:preDebugBuild UP-TO-DATE
> Task :app:dataBindingMergeDependencyArtifactsDebug UP-TO-DATE
> Task :app:generateDebugResValues UP-TO-DATE
> Task :app:generateDebugResources UP-TO-DATE
> Task :app:processDebugGoogleServices UP-TO-DATE
> Task :app:mergeDebugResources UP-TO-DATE
> Task :app:packageDebugResources UP-TO-DATE
> Task :app:processDebugNavigationResources UP-TO-DATE
> Task :app:parseDebugLocalResources UP-TO-DATE
> Task :app:dataBindingGenBaseClassesDebug UP-TO-DATE
> Task :app:generateDebugBuildConfig UP-TO-DATE
> Task :app:checkDebugAarMetadata UP-TO-DATE
> Task :app:compileDebugNavigationResources UP-TO-DATE
> Task :app:mapDebugSourceSetPaths UP-TO-DATE
> Task :app:createDebugCompatibleScreenManifests UP-TO-DATE
> Task :app:extractDeepLinksDebug UP-TO-DATE
> Task :app:processDebugMainManifest UP-TO-DATE
> Task :app:processDebugManifest UP-TO-DATE
> Task :app:processDebugManifestForPackage UP-TO-DATE
> Task :app:processDebugResources UP-TO-DATE

> Task :app:compileDebugKotlin FAILED
e: file:///C:/Users/shrut/AndroidStudioP
rojects/SwasthyaMitra/app/src/main/java/
com/example/swasthyamitra/services/Smart
TelegramBotService.kt:290:41 Unresolved 
reference 'breakfast'.
e: file:///C:/Users/shrut/AndroidStudioP
rojects/SwasthyaMitra/app/src/main/java/
com/example/swasthyamitra/services/Smart
TelegramBotService.kt:290:69 Unresolved 
reference 'breakfast'.
e: file:///C:/Users/shrut/AndroidStudioP
rojects/SwasthyaMitra/app/src/main/java/
com/example/swasthyamitra/services/Smart
TelegramBotService.kt:290:106 
Unresolved reference 'breakfast'.
e: file:///C:/Users/shrut/AndroidStudioP
rojects/SwasthyaMitra/app/src/main/java/
com/example/swasthyamitra/services/Smart
TelegramBotService.kt:290:138 
Unresolved reference 'breakfast'.
e: file:///C:/Users/shrut/AndroidStudioP
rojects/SwasthyaMitra/app/src/main/java/
com/example/swasthyamitra/services/Smart
TelegramBotService.kt:290:168 
Unresolved reference 'breakfast'.
e: file:///C:/Users/shrut/AndroidStudioP
rojects/SwasthyaMitra/app/src/main/java/
com/example/swasthyamitra/services/Smart
TelegramBotService.kt:291:37 Unresolved 
reference 'lunch'.
e: file:///C:/Users/shrut/AndroidStudioP
rojects/SwasthyaMitra/app/src/main/java/
com/example/swasthyamitra/services/Smart
TelegramBotService.kt:291:61 Unresolved 
reference 'lunch'.
e: file:///C:/Users/shrut/AndroidStudioP
rojects/SwasthyaMitra/app/src/main/java/
com/example/swasthyamitra/services/Smart
TelegramBotService.kt:291:94 Unresolved 
reference 'lunch'.
e: file:///C:/Users/shrut/AndroidStudioP
rojects/SwasthyaMitra/app/src/main/java/
com/example/swasthyamitra/services/Smart
TelegramBotService.kt:291:122 
Unresolved reference 'lunch'.
e: file:///C:/Users/shrut/AndroidStudioP
rojects/SwasthyaMitra/app/src/main/java/
com/example/swasthyamitra/services/Smart
TelegramBotService.kt:291:148 
Unresolved reference 'lunch'.
e: file:///C:/Users/shrut/AndroidStudioP
rojects/SwasthyaMitra/app/src/main/java/
com/example/swasthyamitra/services/Smart
TelegramBotService.kt:292:37 Unresolved 
reference 'snack'.
e: file:///C:/Users/shrut/AndroidStudioP
rojects/SwasthyaMitra/app/src/main/java/
com/example/swasthyamitra/services/Smart
TelegramBotService.kt:292:61 Unresolved 
reference 'snack'.
e: file:///C:/Users/shrut/AndroidStudioP
rojects/SwasthyaMitra/app/src/main/java/
com/example/swasthyamitra/services/Smart
TelegramBotService.kt:292:94 Unresolved 
reference 'snack'.
e: file:///C:/Users/shrut/AndroidStudioP
rojects/SwasthyaMitra/app/src/main/java/
com/example/swasthyamitra/services/Smart
TelegramBotService.kt:292:122 
Unresolved reference 'snack'.
e: file:///C:/Users/shrut/AndroidStudioP
rojects/SwasthyaMitra/app/src/main/java/
com/example/swasthyamitra/services/Smart
TelegramBotService.kt:292:148 
Unresolved reference 'snack'.
e: file:///C:/Users/shrut/AndroidStudioP
rojects/SwasthyaMitra/app/src/main/java/
com/example/swasthyamitra/services/Smart
TelegramBotService.kt:293:38 Unresolved 
reference 'dinner'.
e: file:///C:/Users/shrut/AndroidStudioP
rojects/SwasthyaMitra/app/src/main/java/
com/example/swasthyamitra/services/Smart
TelegramBotService.kt:293:63 Unresolved 
reference 'dinner'.
e: file:///C:/Users/shrut/AndroidStudioP
rojects/SwasthyaMitra/app/src/main/java/
com/example/swasthyamitra/services/Smart
TelegramBotService.kt:293:97 Unresolved 
reference 'dinner'.
e: file:///C:/Users/shrut/AndroidStudioP
rojects/SwasthyaMitra/app/src/main/java/
com/example/swasthyamitra/services/Smart
TelegramBotService.kt:293:126 
Unresolved reference 'dinner'.
e: file:///C:/Users/shrut/AndroidStudioP
rojects/SwasthyaMitra/app/src/main/java/
com/example/swasthyamitra/services/Smart
TelegramBotService.kt:293:153 
Unresolved reference 'dinner'.
e: file:///C:/Users/shrut/AndroidStudioP
rojects/SwasthyaMitra/app/src/main/java/
com/example/swasthyamitra/services/Smart
TelegramBotService.kt:296:38 Unresolved 
reference 'breakfast'.
e: file:///C:/Users/shrut/AndroidStudioP
rojects/SwasthyaMitra/app/src/main/java/
com/example/swasthyamitra/services/Smart
TelegramBotService.kt:296:64 Unresolved 
reference 'lunch'.
e: file:///C:/Users/shrut/AndroidStudioP
rojects/SwasthyaMitra/app/src/main/java/
com/example/swasthyamitra/services/Smart
TelegramBotService.kt:296:86 Unresolved 
reference 'snack'.
e: file:///C:/Users/shrut/AndroidStudioP
rojects/SwasthyaMitra/app/src/main/java/
com/example/swasthyamitra/services/Smart
TelegramBotService.kt:296:108 
Unresolved reference 'dinner'.
e: file:///C:/Users/shrut/AndroidStudioP
rojects/SwasthyaMitra/app/src/main/java/
com/example/swasthyamitra/services/Smart
TelegramBotService.kt:305:12 Unresolved 
reference 'dailyTip'.

[Incubating] Problems report is available at: file:///C:/Users/shrut/AndroidStudioProjects/SwasthyaMitra/build/reports/problems/problems-report.html

FAILURE: Build failed with an exception.

* What went wrong:
Execution failed for task 
':app:compileDebugKotlin'.
> A failure occurred while executing org
.jetbrains.kotlin.compilerRunner.GradleC
ompilerRunnerWithWorkers$GradleKotlinCom
pilerWorkAction
   > Compilation error. See log for 
more details

* Try:
> Run with --stacktrace option to get 
the stack trace.
> Run with --info or --debug option to 
get more log output.
> Run with --scan to generate a Build 
Scan (Powered by Develocity).
> Get more help at 
https://help.gradle.org.

Deprecated Gradle features were used in this build, making it incompatible with Gradle 10.

You can use '--warning-mode all' to show the individual deprecation warnings and determine if they come from your own scripts or plugins.

For more on this, please refer to https://docs.gradle.org/9.1.0/userguide/command_line_interface.html#sec:command_line_warnings in the Gradle documentation.

BUILD FAILED in 6s
20 actionable tasks: 1 executed, 19 up-to-date
